// Vitest Snapshot v1, https://vitest.dev/guide/snapshot.html

exports[`export-plaintext-effects > addExportPlaintextEffects - CSV > CSV output includes header row and one row per completed set 1`] = `
[
  "SessionId,Timestamp,Exercise,Weight,WeightUnit,Reps,TargetReps,Notes,RPE,SetType
",
  "124,2024-01-15T09:58Z,Bench Press,50,kg,5,5,,,warmup
",
  "124,2024-01-15T09:59Z,Bench Press,70,kg,3,3,,,warmup
",
  "124,2024-01-15T10:00Z,Bench Press,100,kg,10,10,,,working
",
  "124,2024-01-15T10:01Z,Bench Press,100,kg,10,10,,,working
",
  "124,2024-01-15T10:02Z,Bench Press,100,kg,10,10,,,working
",
  "124,2024-01-15T10:00Z,Squat,140,kg,8,8,,,working
",
  "124,2024-01-15T10:01Z,Squat,140,kg,8,8,,,working
",
  "124,2024-01-15T10:02Z,Squat,140,kg,8,8,,,working",
]
`;

exports[`export-plaintext-effects > addExportPlaintextEffects - JSON > JSON output contains one entry per session 1`] = `
[
  {
    "blueprint": {
      "name": "Push Day",
      "notes": "",
    },
    "date": "2024-01-15",
    "id": "123",
    "recordedExercises": [
      {
        "blueprint": {
          "exerciseId": "c6660c24-caf0-5fe3-aa61-1de06802a7c2",
          "link": "",
          "name": "Bench Press",
          "notes": "",
          "plannedSets": [
            {
              "kind": "working",
              "reps": {
                "max": 10,
                "min": 10,
              },
            },
            {
              "kind": "working",
              "reps": {
                "max": 10,
                "min": 10,
              },
            },
            {
              "kind": "working",
              "reps": {
                "max": 10,
                "min": 10,
              },
            },
          ],
          "progression": [
            {
              "axis": "load",
              "scope": {
                "type": "allSets",
              },
              "step": "2.5",
              "trigger": "allSetsMetTarget",
            },
          ],
          "resistance": "external",
          "restBetweenSets": {
            "failureRest": "PT5M",
            "maxRest": "PT3M",
            "minRest": "PT1M30S",
          },
          "supersetWithNext": false,
          "type": "WeightedExerciseBlueprint",
          "warmupSets": [],
        },
        "potentialSets": [
          {
            "kind": "working",
            "set": {
              "completionDateTime": "2024-01-15T10:00:00Z",
              "repsCompleted": 10,
            },
            "target": {
              "reps": {
                "max": 10,
                "min": 10,
              },
            },
            "weight": {
              "unit": "kilograms",
              "value": "100",
            },
          },
          {
            "kind": "working",
            "set": {
              "completionDateTime": "2024-01-15T10:01:00Z",
              "repsCompleted": 10,
            },
            "target": {
              "reps": {
                "max": 10,
                "min": 10,
              },
            },
            "weight": {
              "unit": "kilograms",
              "value": "100",
            },
          },
          {
            "kind": "working",
            "set": {
              "completionDateTime": "2024-01-15T10:02:00Z",
              "repsCompleted": 10,
            },
            "target": {
              "reps": {
                "max": 10,
                "min": 10,
              },
            },
            "weight": {
              "unit": "kilograms",
              "value": "100",
            },
          },
        ],
        "type": "RecordedWeightedExercise",
        "warmupSets": [],
      },
    ],
  },
  {
    "blueprint": {
      "name": "Push Day",
      "notes": "",
    },
    "date": "2024-01-15",
    "id": "1234",
    "recordedExercises": [
      {
        "blueprint": {
          "exerciseId": "7653527a-1236-54e8-ad09-b24f7285d32f",
          "link": "",
          "name": "Squat",
          "notes": "",
          "plannedSets": [
            {
              "kind": "working",
              "reps": {
                "max": 10,
                "min": 10,
              },
            },
            {
              "kind": "working",
              "reps": {
                "max": 10,
                "min": 10,
              },
            },
            {
              "kind": "working",
              "reps": {
                "max": 10,
                "min": 10,
              },
            },
          ],
          "progression": [
            {
              "axis": "load",
              "scope": {
                "type": "allSets",
              },
              "step": "2.5",
              "trigger": "allSetsMetTarget",
            },
          ],
          "resistance": "external",
          "restBetweenSets": {
            "failureRest": "PT5M",
            "maxRest": "PT3M",
            "minRest": "PT1M30S",
          },
          "supersetWithNext": false,
          "type": "WeightedExerciseBlueprint",
          "warmupSets": [],
        },
        "potentialSets": [
          {
            "kind": "working",
            "set": {
              "completionDateTime": "2024-01-15T10:00:00Z",
              "repsCompleted": 10,
            },
            "target": {
              "reps": {
                "max": 10,
                "min": 10,
              },
            },
            "weight": {
              "unit": "kilograms",
              "value": "100",
            },
          },
          {
            "kind": "working",
            "set": {
              "completionDateTime": "2024-01-15T10:01:00Z",
              "repsCompleted": 10,
            },
            "target": {
              "reps": {
                "max": 10,
                "min": 10,
              },
            },
            "weight": {
              "unit": "kilograms",
              "value": "100",
            },
          },
          {
            "kind": "working",
            "set": {
              "completionDateTime": "2024-01-15T10:02:00Z",
              "repsCompleted": 10,
            },
            "target": {
              "reps": {
                "max": 10,
                "min": 10,
              },
            },
            "weight": {
              "unit": "kilograms",
              "value": "100",
            },
          },
        ],
        "type": "RecordedWeightedExercise",
        "warmupSets": [],
      },
    ],
  },
]
`;
